0x6000
0x3C00
0x6002
0x6000
0x5000
0x4C00
0x50A2
0xC300
0x3C00
0x3C00
0x6000
0x3C00
0x6002
0x0818
0x4100