0x4000
0xD500
0x0000
0x3955
0x4000
0x5C08
0xE99C
0x4400
0x4900
0x5640
0x4D00
0x3C00
0x3C00
0x4000
0x4900
0x0000
0x4900
0x4900