0x3E00
0x3E00
0x5020
0xC680
0x5900
0xD9B0
0x3000
0x57D0
0x3955
0x5905
0x3E00
0x3E00
0x3E00